
         /\      Grafana   /‾‾/  
    /\  /  \     |\  __   /  /   
   /  \/    \    | |/ /  /   ‾‾\ 
  /          \   |   (  |  (‾)  |
 / __________ \  |_|\_\  \_____/ 

     execution: local
        output: -

     scenarios: (100.00%) 1 scenario, 5 max VUs, 45s max duration (incl. graceful stop):
              * default: 5 looping VUs for 15s (gracefulStop: 30s)


running (01.0s), 5/5 VUs, 6794 complete and 0 interrupted iterations
default   [   7% ] 5 VUs  01.0s/15s

running (02.0s), 5/5 VUs, 14742 complete and 0 interrupted iterations
default   [  13% ] 5 VUs  02.0s/15s

running (03.0s), 5/5 VUs, 22222 complete and 0 interrupted iterations
default   [  20% ] 5 VUs  03.0s/15s

running (04.0s), 5/5 VUs, 30575 complete and 0 interrupted iterations
default   [  27% ] 5 VUs  04.0s/15s

running (05.0s), 5/5 VUs, 39128 complete and 0 interrupted iterations
default   [  33% ] 5 VUs  05.0s/15s

running (06.0s), 5/5 VUs, 47803 complete and 0 interrupted iterations
default   [  40% ] 5 VUs  06.0s/15s

running (07.0s), 5/5 VUs, 56261 complete and 0 interrupted iterations
default   [  47% ] 5 VUs  07.0s/15s

running (08.0s), 5/5 VUs, 64849 complete and 0 interrupted iterations
default   [  53% ] 5 VUs  08.0s/15s

running (09.0s), 5/5 VUs, 73495 complete and 0 interrupted iterations
default   [  60% ] 5 VUs  09.0s/15s

running (10.0s), 5/5 VUs, 82029 complete and 0 interrupted iterations
default   [  67% ] 5 VUs  10.0s/15s

running (11.0s), 5/5 VUs, 90792 complete and 0 interrupted iterations
default   [  73% ] 5 VUs  11.0s/15s

running (12.0s), 5/5 VUs, 99529 complete and 0 interrupted iterations
default   [  80% ] 5 VUs  12.0s/15s

running (13.0s), 5/5 VUs, 108350 complete and 0 interrupted iterations
default   [  87% ] 5 VUs  13.0s/15s

running (14.0s), 5/5 VUs, 117152 complete and 0 interrupted iterations
default   [  93% ] 5 VUs  14.0s/15s

running (15.0s), 5/5 VUs, 126016 complete and 0 interrupted iterations
default   [ 100% ] 5 VUs  15.0s/15s


  █ THRESHOLDS 

    http_req_duration
    ✓ 'p(50)<50' p(50)=530µs
    ✓ 'p(95)<150' p(95)=818µs
    ✓ 'p(99)<300' p(99)=1.18ms


  █ TOTAL RESULTS 

    checks_total.......: 126047  8402.786018/s
    checks_succeeded...: 100.00% 126047 out of 126047
    checks_failed......: 0.00%   0 out of 126047

    ✓ status is 200

    HTTP
    http_req_duration..............: avg=560.91µs min=191µs    med=530µs    max=6.87ms p(90)=715µs    p(95)=818µs   
      { expected_response:true }...: avg=560.91µs min=191µs    med=530µs    max=6.87ms p(90)=715µs    p(95)=818µs   
    http_req_failed................: 0.00%  0 out of 126047
    http_reqs......................: 126047 8402.786018/s

    EXECUTION
    iteration_duration.............: avg=592.32µs min=209.79µs med=558.45µs max=6.96ms p(90)=757.87µs p(95)=866.58µs
    iterations.....................: 126047 8402.786018/s
    vus............................: 5      min=5           max=5
    vus_max........................: 5      min=5           max=5

    NETWORK
    data_received..................: 56 MB  3.7 MB/s
    data_sent......................: 28 MB  1.9 MB/s




running (15.0s), 0/5 VUs, 126047 complete and 0 interrupted iterations
default ✓ [ 100% ] 5 VUs  15s
