Running ghz HYBRID benchmark against localhost:6000

Summary:
  Count:	2000
  Total:	218.47 ms
  Slowest:	5.90 ms
  Fastest:	0.73 ms
  Average:	1.94 ms
  Requests/sec:	9154.47

Response time histogram:
  0.726 [1]   |
  1.243 [58]  |∎∎∎
  1.760 [891] |∎∎∎∎∎∎∎∎∎∎∎∎∎∎∎∎∎∎∎∎∎∎∎∎∎∎∎∎∎∎∎∎∎∎∎∎∎∎∎∎
  2.277 [642] |∎∎∎∎∎∎∎∎∎∎∎∎∎∎∎∎∎∎∎∎∎∎∎∎∎∎∎∎∎
  2.794 [255] |∎∎∎∎∎∎∎∎∎∎∎
  3.311 [96]  |∎∎∎∎
  3.828 [13]  |∎
  4.345 [4]   |
  4.862 [13]  |∎
  5.379 [15]  |∎
  5.896 [12]  |∎

Latency distribution:
  10 % in 1.37 ms 
  25 % in 1.51 ms 
  50 % in 1.79 ms 
  75 % in 2.16 ms 
  90 % in 2.67 ms 
  95 % in 2.98 ms 
  99 % in 5.02 ms 

Status code distribution:
  [OK]   2000 responses   


