Running ghz BM25 benchmark against localhost:6000

Summary:
  Count:	2000
  Total:	204.32 ms
  Slowest:	9.30 ms
  Fastest:	0.57 ms
  Average:	1.72 ms
  Requests/sec:	9788.48

Response time histogram:
  0.566 [1]   |
  1.439 [975] |∎∎∎∎∎∎∎∎∎∎∎∎∎∎∎∎∎∎∎∎∎∎∎∎∎∎∎∎∎∎∎∎∎∎∎∎∎∎∎∎
  2.312 [658] |∎∎∎∎∎∎∎∎∎∎∎∎∎∎∎∎∎∎∎∎∎∎∎∎∎∎∎
  3.186 [264] |∎∎∎∎∎∎∎∎∎∎∎
  4.059 [63]  |∎∎∎
  4.933 [19]  |∎
  5.806 [0]   |
  6.680 [5]   |
  7.553 [7]   |
  8.427 [7]   |
  9.300 [1]   |

Latency distribution:
  10 % in 0.95 ms 
  25 % in 1.16 ms 
  50 % in 1.46 ms 
  75 % in 2.05 ms 
  90 % in 2.69 ms 
  95 % in 3.19 ms 
  99 % in 4.87 ms 

Status code distribution:
  [OK]   2000 responses   


