
         /\      Grafana   /‾‾/  
    /\  /  \     |\  __   /  /   
   /  \/    \    | |/ /  /   ‾‾\ 
  /          \   |   (  |  (‾)  |
 / __________ \  |_|\_\  \_____/ 

     execution: local
        output: -

     scenarios: (100.00%) 1 scenario, 5 max VUs, 45s max duration (incl. graceful stop):
              * default: 5 looping VUs for 15s (gracefulStop: 30s)


running (01.0s), 5/5 VUs, 188 complete and 0 interrupted iterations
default   [   7% ] 5 VUs  01.0s/15s

running (02.0s), 5/5 VUs, 391 complete and 0 interrupted iterations
default   [  13% ] 5 VUs  02.0s/15s

running (03.0s), 5/5 VUs, 575 complete and 0 interrupted iterations
default   [  20% ] 5 VUs  03.0s/15s

running (04.0s), 5/5 VUs, 771 complete and 0 interrupted iterations
default   [  27% ] 5 VUs  04.0s/15s

running (05.0s), 5/5 VUs, 950 complete and 0 interrupted iterations
default   [  33% ] 5 VUs  05.0s/15s

running (06.0s), 5/5 VUs, 1145 complete and 0 interrupted iterations
default   [  40% ] 5 VUs  06.0s/15s

running (07.0s), 5/5 VUs, 1338 complete and 0 interrupted iterations
default   [  47% ] 5 VUs  07.0s/15s

running (08.0s), 5/5 VUs, 1524 complete and 0 interrupted iterations
default   [  53% ] 5 VUs  08.0s/15s

running (09.0s), 5/5 VUs, 1718 complete and 0 interrupted iterations
default   [  60% ] 5 VUs  09.0s/15s

running (10.0s), 5/5 VUs, 1896 complete and 0 interrupted iterations
default   [  67% ] 5 VUs  10.0s/15s

running (11.0s), 5/5 VUs, 2078 complete and 0 interrupted iterations
default   [  73% ] 5 VUs  11.0s/15s

running (12.0s), 5/5 VUs, 2259 complete and 0 interrupted iterations
default   [  80% ] 5 VUs  12.0s/15s

running (13.0s), 5/5 VUs, 2448 complete and 0 interrupted iterations
default   [  87% ] 5 VUs  13.0s/15s

running (14.0s), 5/5 VUs, 2634 complete and 0 interrupted iterations
default   [  93% ] 5 VUs  14.0s/15s

running (15.0s), 5/5 VUs, 2825 complete and 0 interrupted iterations
default   [ 100% ] 5 VUs  15.0s/15s


  █ THRESHOLDS 

    http_req_duration
    ✓ 'p(50)<150' p(50)=25.1ms
    ✓ 'p(95)<500' p(95)=37.54ms
    ✓ 'p(99)<1000' p(99)=52.52ms


  █ TOTAL RESULTS 

    checks_total.......: 2830    188.579003/s
    checks_succeeded...: 100.00% 2830 out of 2830
    checks_failed......: 0.00%   0 out of 2830

    ✓ status is 200

    HTTP
    http_req_duration..............: avg=26.33ms min=8.65ms med=25.1ms  max=184.58ms p(90)=33.41ms p(95)=37.54ms
      { expected_response:true }...: avg=26.33ms min=8.65ms med=25.1ms  max=184.58ms p(90)=33.41ms p(95)=37.54ms
    http_req_failed................: 0.00%  0 out of 2830
    http_reqs......................: 2830   188.579003/s

    EXECUTION
    iteration_duration.............: avg=26.49ms min=8.75ms med=25.25ms max=184.72ms p(90)=33.58ms p(95)=37.7ms 
    iterations.....................: 2830   188.579003/s
    vus............................: 5      min=5         max=5
    vus_max........................: 5      min=5         max=5

    NETWORK
    data_received..................: 5.0 MB 331 kB/s
    data_sent......................: 642 kB 43 kB/s




running (15.0s), 0/5 VUs, 2830 complete and 0 interrupted iterations
default ✓ [ 100% ] 5 VUs  15s
